// Vitest Snapshot v1, https://vitest.dev/guide/snapshot.html

exports[`Input component > renders correctly 1`] = `
<div>
  <input
    class="flex h-10 w-full rounded-md border border-input bg-background px-3 py-2 text-sm ring-offset-background file:border-0 file:bg-transparent file:text-sm file:font-medium placeholder:text-muted-foreground focus-visible:outline-none focus-visible:ring-2 focus-visible:ring-dodger-blue focus-visible:ring-offset-2 disabled:cursor-not-allowed disabled:opacity-50"
    placeholder="Email"
  />
</div>
`;
