// Vitest Snapshot v1, https://vitest.dev/guide/snapshot.html

exports[`Select component > renders correctly 1`] = `
<div>
  <button
    aria-autocomplete="none"
    aria-controls="radix-:r0:"
    aria-expanded="false"
    class="flex h-10 w-full items-center justify-between rounded-md border border-input bg-background px-3 py-2 text-sm ring-offset-background data-[placeholder]:text-muted-foreground focus:outline-none focus:ring-2 focus:ring-dodger-blue focus:ring-offset-2 disabled:cursor-not-allowed disabled:opacity-50 [&>span]:line-clamp-1"
    data-placeholder=""
    data-state="closed"
    dir="ltr"
    role="combobox"
    type="button"
  >
    <span
      style="pointer-events: none;"
    >
      Select option
    </span>
    <svg
      aria-hidden="true"
      class="lucide lucide-chevron-down h-4 w-4 opacity-50"
      fill="none"
      height="24"
      stroke="currentColor"
      stroke-linecap="round"
      stroke-linejoin="round"
      stroke-width="2"
      viewBox="0 0 24 24"
      width="24"
      xmlns="http://www.w3.org/2000/svg"
    >
      <path
        d="m6 9 6 6 6-6"
      />
    </svg>
  </button>
</div>
`;
